<?xml version="1.0" encoding="utf-8"?><testsuites name="pytest tests"><testsuite name="pytest" errors="0" failures="0" skipped="0" tests="26" time="26.505" timestamp="2026-09-11T21:32:17.095945+05:00" hostname="DESKTOP-8S6QMG2"><testcase classname="tests.test_api" name="test_root" time="0.022" /><testcase classname="tests.test_api" name="test_register_user" time="0.324" /><testcase classname="tests.test_api" name="test_register_duplicate_email" time="0.316" /><testcase classname="tests.test_api" name="test_register_short_password" time="0.013" /><testcase classname="tests.test_api" name="test_login_user" time="1.182" /><testcase classname="tests.test_api" name="test_login_wrong_password" time="1.198" /><testcase classname="tests.test_api" name="test_login_nonexistent_email" time="0.019" /><testcase classname="tests.test_api" name="test_get_tasks_without_token" time="0.015" /><testcase classname="tests.test_api" name="test_get_tasks_with_invalid_token" time="0.015" /><testcase classname="tests.test_api" name="test_get_tasks_with_valid_token" time="1.034" /><testcase classname="tests.test_api" name="test_create_task" time="1.229" /><testcase classname="tests.test_api" name="test_get_all_tasks" time="1.280" /><testcase classname="tests.test_api" name="test_get_single_task" time="1.283" /><testcase classname="tests.test_api" name="test_update_task" time="1.308" /><testcase classname="tests.test_api" name="test_delete_task" time="1.301" /><testcase classname="tests.test_api" name="test_user_cannot_access_another_users_task" time="2.521" /><testcase classname="tests.test_api" name="test_upload_file" time="1.217" /><testcase classname="tests.test_api" name="test_download_file" time="1.442" /><testcase classname="tests.test_api" name="test_delete_file" time="0.780" /><testcase classname="tests.test_api" name="test_upload_file_without_token" time="0.585" /><testcase classname="tests.test_api" name="test_download_file_without_token" time="0.565" /><testcase classname="tests.test_api" name="test_delete_file_without_token" time="1.135" /><testcase classname="tests.test_api" name="test_upload_invalid_file_extension" time="1.294" /><testcase classname="tests.test_api" name="test_upload_file_too_large" time="1.183" /><testcase classname="tests.test_api" name="test_user_cannot_access_another_users_file" time="2.467" /><testcase classname="tests.test_api" name="test_download_file_after_deletion" time="1.289" /></testsuite></testsuites>